<?xml version="1.0" encoding="utf-8"?><testsuites><testsuite name="pytest" errors="0" failures="0" skipped="0" tests="0" time="0.040" timestamp="2024-06-24T14:49:21.940727" hostname="88665a539194" /></testsuites>